Windows PowerShell
Windows PowerShell
Windows PowerShell
Windows PowerShell
Copyright (C) Microsoft Corporation. All rights reserved.

PS C:\Users\Quinn\OneDrive - Brock University\3rd Year\COSC 3P95\Q2> javac Sort.java
error: file not found: Sort.java
PS C:\Users\Quinn\OneDrive - Brock University\3rd Year\COSC 3P95\Q2\src> javac .\Sort.class
error: invalid flag: .\Sort.class
use --help for a list of possible options
PS C:\Users\Quinn\OneDrive - Brock University\3rd Year\COSC 3P95\Q2\src> javac .\Sort.java 
PS C:\Users\Quinn\OneDrive - Brock University\3rd Year\COSC 3P95\Q2\src> javac .\RandomTestCaseGenerator.java 
PS C:\Users\Quinn\OneDrive - Brock University\3rd Year\COSC 3P95\Q2\src> java .\RandomTestCaseGenerator.class
Error: Could not find or load main class .\RandomTestCaseGenerator.class
Caused by: java.lang.ClassNotFoundException: /\RandomTestCaseGenerator/class
PS C:\Users\Quinn\OneDrive - Brock University\3rd Year\COSC 3P95\Q2\src> java .\RandomTestCaseGenerator.java 
Test Case 1:
Input Array: [290, 667, 184, 402, 812, 129, 292, 373, 723, 464, 41, 369, 750, 674, 567, 475, 501, 3, 889, 248, 157, 114, 870, 814, 284, 319, 253]
Sorted Array: [3, 41, 114, 129, 157, 184, 248, 253, 284, 290, 292, 319, 369, 373, 402, 464, 475, 501, 567, 667, 674, 723, 750, 812, 814, 870, 889]

Test Case 2:
Input Array: [587, 581, 428, 463, 14, 272, 894]
Sorted Array: [14, 272, 428, 463, 581, 587, 894]

Test Case 3:
Input Array: [740, 967, 839, 216, 840, 791, 800, 410, 865, 263, 269, 769, 250, 885, 606, 321, 134, 655, 478, 142, 738, 567, 413, 867, 27, 923, 232, 982, 408, 911, 78, 488, 160, 697, 920, 678, 961, 132, 418, 519, 690, 47, 14
9, 639, 475, 210, 466, 701, 914, 241, 190, 563, 327, 216, 945, 850, 350, 777, 722, 975, 199, 962, 403, 894, 733, 576, 852, 304, 686, 231, 648, 843, 559, 10, 289, 887, 24, 491, 293, 82, 960, 179, 185, 58, 868, 632, 885, 432,
 459, 184, 60, 699, 602, 522, 253, 428, 382]
Sorted Array: [10, 24, 27, 47, 58, 60, 78, 82, 132, 134, 142, 149, 160, 179, 184, 185, 190, 199, 210, 216, 216, 231, 232, 241, 250, 253, 263, 269, 289, 293, 304, 321, 327, 350, 382, 403, 408, 410, 413, 418, 428, 432, 459, 4
66, 475, 478, 488, 491, 519, 522, 559, 563, 567, 576, 602, 606, 632, 639, 648, 655, 678, 686, 690, 697, 699, 701, 722, 733, 738, 740, 769, 777, 791, 800, 839, 840, 843, 850, 852, 865, 867, 868, 885, 885, 887, 894, 911, 914,
 920, 923, 945, 960, 961, 962, 967, 975, 982]

Test Case 4:
Input Array: [584, 963, 173, 21, 529, 703, 315, 875, 811, 845, 554, 72, 217, 158, 490, 383, 431, 264, 381, 525, 924, 751, 948, 412, 688, 226, 801, 626, 594, 13, 255, 820, 448, 572, 966, 611, 170, 38, 143, 361, 512, 115, 888
, 773, 154, 434, 759, 695, 872, 451, 628, 7, 346, 72, 843, 692, 111, 496, 659, 462, 555, 245, 756, 443, 56, 609, 93, 478, 154, 148, 962, 984, 951, 381, 569, 533, 443, 382, 913, 461, 658, 209, 379, 435, 546, 641, 29]        
Sorted Array: [7, 13, 21, 29, 38, 56, 72, 72, 93, 111, 115, 143, 148, 154, 154, 158, 170, 173, 209, 217, 226, 245, 255, 264, 315, 346, 361, 379, 381, 381, 382, 383, 412, 431, 434, 435, 443, 443, 448, 451, 461, 462, 478, 490
, 496, 512, 525, 529, 533, 546, 554, 555, 569, 572, 584, 594, 609, 611, 626, 628, 641, 658, 659, 688, 692, 695, 703, 751, 756, 759, 773, 801, 811, 820, 843, 845, 872, 875, 888, 913, 924, 948, 951, 962, 963, 966, 984]       

Test Case 5:
Input Array: [246, 428, 764, 580, 708, 342, 15, 849, 954, 223, 430, 986, 150, 979, 410, 26, 826, 847, 994, 831, 156, 214, 928, 703, 232, 156, 357, 627, 844, 908, 148, 674, 35, 320, 295, 126, 233, 631, 146, 476, 999, 904, 91
, 11, 113, 300, 891, 285, 987, 111, 937, 307, 872, 376, 180, 133, 821, 781, 496, 525, 382, 327, 875, 946, 436, 826, 864, 825, 735, 285, 37, 309, 644, 936, 790, 675, 407, 850, 669, 807, 400, 242, 88, 739, 358, 177, 534]     
Sorted Array: [11, 15, 26, 35, 37, 88, 91, 111, 113, 126, 133, 146, 148, 150, 156, 156, 177, 180, 214, 223, 232, 233, 242, 246, 285, 285, 295, 300, 307, 309, 320, 327, 342, 357, 358, 376, 382, 400, 407, 410, 428, 430, 436, 
476, 496, 525, 534, 580, 627, 631, 644, 669, 674, 675, 703, 708, 735, 739, 764, 781, 790, 807, 821, 825, 826, 826, 831, 844, 847, 849, 850, 864, 872, 875, 891, 904, 908, 928, 936, 937, 946, 954, 979, 986, 987, 994, 999]    

Test Case 6:
Input Array: [405, 492, 272, 452]
Sorted Array: [272, 405, 452, 492]

Test Case 7:
Input Array: [833, 175, 288, 352, 694, 939, 660, 566, 460, 691, 404, 673, 838, 343, 388, 649, 249, 786, 348, 952, 480, 161, 502, 237, 383, 173, 566, 923, 264, 750, 758, 796, 459, 149, 803, 13, 511, 556, 70, 588, 303, 618, 2
81, 941, 880, 40, 1, 455, 788, 131, 356, 468, 984, 721, 35, 811, 627, 469, 435, 589, 945, 912, 395, 138, 867, 592, 792, 694, 756, 663, 86, 790, 902, 794, 369, 826, 964, 572, 79, 710, 262, 889, 130, 16, 528, 412, 749, 339, 2
17, 176, 118, 379]
Sorted Array: [1, 13, 16, 35, 40, 70, 79, 86, 118, 130, 131, 138, 149, 161, 173, 175, 176, 217, 237, 249, 262, 264, 281, 288, 303, 339, 343, 348, 352, 356, 369, 379, 383, 388, 395, 404, 412, 435, 455, 459, 460, 468, 469, 48
0, 502, 511, 528, 556, 566, 566, 572, 588, 589, 592, 618, 627, 649, 660, 663, 673, 691, 694, 694, 710, 721, 749, 750, 756, 758, 786, 788, 790, 792, 794, 796, 803, 811, 826, 833, 838, 867, 880, 889, 902, 912, 923, 939, 941, 
945, 952, 964, 984]

Test Case 8:
Input Array: [980, 700, 19, 92, 610, 626, 904, 433, 599, 799, 332, 251, 219, 256, 904, 33, 292, 237, 494, 86, 28, 942, 404, 311, 605, 931, 386, 490, 578, 944, 498, 317, 1, 281, 351, 531, 171, 799, 188, 75, 942, 691, 456, 17
5, 576, 463, 244, 735]
Sorted Array: [1, 19, 28, 33, 75, 86, 92, 171, 175, 188, 219, 237, 244, 251, 256, 281, 292, 311, 317, 332, 351, 386, 404, 433, 456, 463, 490, 494, 498, 531, 576, 578, 599, 605, 610, 626, 691, 700, 735, 799, 799, 904, 904, 9
31, 942, 942, 944, 980]

Test Case 9:
Input Array: [894, 580, 399, 65, 319, 475, 57, 669, 210, 102, 293, 367, 574, 995, 291, 76, 800, 816, 344, 778, 313, 107, 804, 370, 441, 543, 911, 932, 97, 903, 6, 78, 978, 123, 710, 535, 577, 121, 603, 635, 214, 562, 24, 97
3, 277, 503, 184, 326, 716]
Sorted Array: [6, 24, 57, 65, 76, 78, 97, 102, 107, 121, 123, 184, 210, 214, 277, 291, 293, 313, 319, 326, 344, 367, 370, 399, 441, 475, 503, 535, 543, 562, 574, 577, 580, 603, 635, 669, 710, 716, 778, 800, 804, 816, 894, 9
03, 911, 932, 973, 978, 995]

Test Case 10:
Input Array: [549, 454, 770, 605, 862, 654, 964, 73, 923, 406, 675, 830, 31, 659, 503, 670, 141, 964, 137, 972, 599, 214, 430, 965, 410, 11, 141, 800, 483, 315, 468, 253, 823, 706, 421, 113, 141, 132, 514, 747, 722, 799, 11
3, 132, 763, 785, 719, 129, 973, 189, 111, 399, 216, 202]
Sorted Array: [11, 31, 73, 111, 113, 113, 129, 132, 132, 137, 141, 141, 141, 189, 202, 214, 216, 253, 315, 399, 406, 410, 421, 430, 454, 468, 483, 503, 514, 549, 599, 605, 654, 659, 670, 675, 706, 719, 722, 747, 763, 770, 7
85, 799, 800, 823, 830, 862, 923, 964, 964, 965, 972, 973]

PS C:\Users\Quinn\OneDrive - Brock University\3rd Year\COSC 3P95\Q2\src> 

